2025-05-01 12:59:29.390 [info] Getting Manifest... formulahendry.code-runner
2025-05-01 12:59:29.615 [info] Installing extension: formulahendry.code-runner {"isMachineScoped":false,"installPreReleaseVersion":false,"pinned":false,"profileLocation":{"$mid":1,"external":"vscode-userdata:/home/vboxuser/.vscode/extensions/extensions.json","path":"/home/vboxuser/.vscode/extensions/extensions.json","scheme":"vscode-userdata"},"isApplicationScoped":false,"productVersion":{"version":"1.99.3","date":"2025-04-15T23:18:46.076Z"}}
2025-05-01 12:59:39.803 [info] Extension signature verification result for formulahendry.code-runner: Success. Internal Code: 0. Executed: true. Duration: 8599ms.
2025-05-01 12:59:40.609 [info] Extracted extension to file:///home/vboxuser/.vscode/extensions/formulahendry.code-runner-0.12.2: formulahendry.code-runner
2025-05-01 12:59:40.695 [info] Renamed to /home/vboxuser/.vscode/extensions/formulahendry.code-runner-0.12.2
2025-05-01 12:59:40.779 [info] Extension installed successfully: formulahendry.code-runner vscode-userdata:/home/vboxuser/.vscode/extensions/extensions.json
2025-05-01 13:00:36.287 [info] Getting Manifest... ms-python.python
2025-05-01 13:00:36.704 [info] Installing extension: ms-python.python {"isMachineScoped":false,"profileLocation":{"$mid":1,"external":"vscode-userdata:/home/vboxuser/.vscode/extensions/extensions.json","path":"/home/vboxuser/.vscode/extensions/extensions.json","scheme":"vscode-userdata"},"isApplicationScoped":false,"productVersion":{"version":"1.99.3","date":"2025-04-15T23:18:46.076Z"}}
2025-05-01 13:00:37.298 [info] Getting Manifest... ms-python.vscode-pylance
2025-05-01 13:00:37.358 [info] Getting Manifest... ms-python.debugpy
2025-05-01 13:00:37.789 [info] Installing extension: ms-python.vscode-pylance {"isMachineScoped":false,"profileLocation":{"$mid":1,"external":"vscode-userdata:/home/vboxuser/.vscode/extensions/extensions.json","path":"/home/vboxuser/.vscode/extensions/extensions.json","scheme":"vscode-userdata"},"isApplicationScoped":false,"productVersion":{"version":"1.99.3","date":"2025-04-15T23:18:46.076Z"},"context":{"dependecyOrPackExtensionInstall":true}}
2025-05-01 13:00:37.789 [info] Installing extension: ms-python.debugpy {"isMachineScoped":false,"profileLocation":{"$mid":1,"external":"vscode-userdata:/home/vboxuser/.vscode/extensions/extensions.json","path":"/home/vboxuser/.vscode/extensions/extensions.json","scheme":"vscode-userdata"},"isApplicationScoped":false,"productVersion":{"version":"1.99.3","date":"2025-04-15T23:18:46.076Z"},"context":{"dependecyOrPackExtensionInstall":true}}
2025-05-01 13:00:52.955 [info] Extension signature verification result for ms-python.python: Success. Internal Code: 0. Executed: true. Duration: 7882ms.
2025-05-01 13:00:53.019 [info] Extension signature verification result for ms-python.debugpy: Success. Internal Code: 0. Executed: true. Duration: 8641ms.
2025-05-01 13:00:58.380 [info] Extracted extension to file:///home/vboxuser/.vscode/extensions/ms-python.debugpy-2025.6.0-linux-x64: ms-python.debugpy
2025-05-01 13:00:58.449 [info] Renamed to /home/vboxuser/.vscode/extensions/ms-python.debugpy-2025.6.0-linux-x64
2025-05-01 13:01:01.785 [info] Extracted extension to file:///home/vboxuser/.vscode/extensions/ms-python.python-2025.4.0-linux-x64: ms-python.python
2025-05-01 13:01:02.175 [info] Renamed to /home/vboxuser/.vscode/extensions/ms-python.python-2025.4.0-linux-x64
2025-05-01 13:01:02.883 [info] Extension signature verification result for ms-python.vscode-pylance: Success. Internal Code: 0. Executed: true. Duration: 3586ms.
2025-05-01 13:01:13.071 [info] Extracted extension to file:///home/vboxuser/.vscode/extensions/ms-python.vscode-pylance-2025.4.1: ms-python.vscode-pylance
2025-05-01 13:01:14.094 [info] Renamed to /home/vboxuser/.vscode/extensions/ms-python.vscode-pylance-2025.4.1
2025-05-01 13:01:14.186 [info] Extension installed successfully: ms-python.debugpy vscode-userdata:/home/vboxuser/.vscode/extensions/extensions.json
2025-05-01 13:01:14.186 [info] Extension installed successfully: ms-python.python vscode-userdata:/home/vboxuser/.vscode/extensions/extensions.json
2025-05-01 13:01:14.190 [info] Extension installed successfully: ms-python.vscode-pylance vscode-userdata:/home/vboxuser/.vscode/extensions/extensions.json
