2025-05-01 10:56:40.165 [info] Extension host with pid 10830 started
2025-05-01 10:56:41.040 [info] ExtensionService#_doActivateExtension vscode.github-authentication, startup: false, activationEvent: 'onAuthenticationRequest:github'
2025-05-01 10:56:41.597 [info] ExtensionService#_doActivateExtension vscode.git-base, startup: true, activationEvent: '*', root cause: vscode.git
2025-05-01 10:56:41.766 [info] ExtensionService#_doActivateExtension vscode.git, startup: true, activationEvent: '*'
2025-05-01 10:56:42.322 [info] ExtensionService#_doActivateExtension vscode.github, startup: true, activationEvent: '*'
2025-05-01 10:56:43.119 [info] Eager extensions activated
2025-05-01 10:56:43.314 [info] ExtensionService#_doActivateExtension vscode.debug-auto-launch, startup: false, activationEvent: 'onStartupFinished'
2025-05-01 10:56:43.328 [info] ExtensionService#_doActivateExtension vscode.merge-conflict, startup: false, activationEvent: 'onStartupFinished'
2025-05-01 10:56:58.478 [info] Extension host terminating: renderer closed the MessagePort
2025-05-01 10:56:58.620 [info] Extension host with pid 10830 exiting with code 0
2025-05-01 10:57:08.538 [info] Extension host with pid 10922 started
2025-05-01 10:57:08.538 [info] Skipping acquiring lock for /home/vboxuser/.config/Code/User/workspaceStorage/2baf7676838490d6a698b2a6fc994938.
2025-05-01 10:57:09.730 [info] ExtensionService#_doActivateExtension vscode.github-authentication, startup: false, activationEvent: 'onAuthenticationRequest:github'
2025-05-01 10:57:10.865 [info] ExtensionService#_doActivateExtension vscode.git-base, startup: true, activationEvent: '*'
2025-05-01 10:57:11.220 [info] ExtensionService#_doActivateExtension vscode.github, startup: true, activationEvent: '*'
2025-05-01 10:57:11.689 [info] Eager extensions activated
2025-05-01 10:57:12.411 [info] ExtensionService#_doActivateExtension vscode.debug-auto-launch, startup: false, activationEvent: 'onStartupFinished'
2025-05-01 10:57:12.487 [info] ExtensionService#_doActivateExtension vscode.merge-conflict, startup: false, activationEvent: 'onStartupFinished'
2025-05-01 10:57:23.190 [info] ExtensionService#_doActivateExtension vscode.git, startup: false, activationEvent: 'api', root cause: vscode.github
2025-05-01 10:57:45.234 [info] ExtensionService#_doActivateExtension vscode.configuration-editing, startup: false, activationEvent: 'onLanguage:jsonc'
2025-05-01 10:57:45.319 [info] ExtensionService#_doActivateExtension vscode.json-language-features, startup: false, activationEvent: 'onLanguage:jsonc'
2025-05-01 10:57:45.947 [info] ExtensionService#_doActivateExtension vscode.typescript-language-features, startup: false, activationEvent: 'onLanguage:jsonc'
2025-05-01 10:57:46.933 [info] ExtensionService#_doActivateExtension vscode.emmet, startup: false, activationEvent: 'onLanguage'
2025-05-01 12:59:42.766 [info] ExtensionService#_doActivateExtension formulahendry.code-runner, startup: false, activationEvent: 'onStartupFinished'
2025-05-01 13:01:16.809 [info] ExtensionService#_doActivateExtension ms-python.python, startup: false, activationEvent: 'onLanguage:python', root cause: ms-python.debugpy
2025-05-01 13:01:21.438 [info] ExtensionService#_doActivateExtension ms-python.debugpy, startup: false, activationEvent: 'onLanguage:python'
2025-05-01 13:01:21.859 [info] ExtensionService#_doActivateExtension ms-python.vscode-pylance, startup: false, activationEvent: 'onLanguage:python'
2025-05-01 13:14:19.251 [info] Extension host terminating: renderer closed the MessagePort
2025-05-01 13:14:28.239 [error] Error: Channel has been closed
	at s (file:///usr/share/code/resources/app/out/vs/workbench/api/node/extensionHostProcess.js:117:2431)
	at Object.appendLine (file:///usr/share/code/resources/app/out/vs/workbench/api/node/extensionHostProcess.js:117:2570)
	at R.logOutputMessage (/usr/share/code/resources/app/extensions/json-language-features/client/dist/node/jsonClientMain.js:2:290791)
	at R.info (/usr/share/code/resources/app/extensions/json-language-features/client/dist/node/jsonClientMain.js:2:290524)
	at ChildProcess.<anonymous> (/usr/share/code/resources/app/extensions/json-language-features/client/dist/node/jsonClientMain.js:2:514797)
	at ChildProcess.emit (node:events:518:28)
	at ChildProcess._handle.onexit (node:internal/child_process:293:12)
2025-05-01 13:14:29.220 [error] Error: Channel has been closed
	at s (file:///usr/share/code/resources/app/out/vs/workbench/api/node/extensionHostProcess.js:117:2431)
	at Object.appendLine (file:///usr/share/code/resources/app/out/vs/workbench/api/node/extensionHostProcess.js:117:2570)
	at _0x57de3e.<computed>.<computed> [as appendLine] (/home/vboxuser/.vscode/extensions/ms-python.vscode-pylance-2025.4.1/dist/extension.bundle.js:1:140622)
	at P.logOutputMessage (/home/vboxuser/.vscode/extensions/ms-python.python-2025.4.0-linux-x64/out/client/extension.js:2:2020886)
	at P.error (/home/vboxuser/.vscode/extensions/ms-python.python-2025.4.0-linux-x64/out/client/extension.js:2:2020777)
	at /home/vboxuser/.vscode/extensions/ms-python.python-2025.4.0-linux-x64/out/client/extension.js:2:2029108
	at async Object.stop (/home/vboxuser/.vscode/extensions/ms-python.vscode-pylance-2025.4.1/dist/extension.bundle.js:1:148334)
	at async _0x317b05._stopClient (/home/vboxuser/.vscode/extensions/ms-python.vscode-pylance-2025.4.1/dist/extension.bundle.js:1:84052)
	at async _0x317b05._createNewRequest (/home/vboxuser/.vscode/extensions/ms-python.vscode-pylance-2025.4.1/dist/extension.bundle.js:1:83626)
2025-05-01 13:14:29.220 [error] Error: Channel has been closed
	at s (file:///usr/share/code/resources/app/out/vs/workbench/api/node/extensionHostProcess.js:117:2431)
	at Object.appendLine (file:///usr/share/code/resources/app/out/vs/workbench/api/node/extensionHostProcess.js:117:2570)
	at _0x57de3e.<computed>.<computed> [as appendLine] (/home/vboxuser/.vscode/extensions/ms-python.vscode-pylance-2025.4.1/dist/extension.bundle.js:1:140622)
	at P.logOutputMessage (/home/vboxuser/.vscode/extensions/ms-python.python-2025.4.0-linux-x64/out/client/extension.js:2:2020886)
	at P.error (/home/vboxuser/.vscode/extensions/ms-python.python-2025.4.0-linux-x64/out/client/extension.js:2:2020777)
	at /home/vboxuser/.vscode/extensions/ms-python.python-2025.4.0-linux-x64/out/client/extension.js:2:2029108
	at async Object.stop (/home/vboxuser/.vscode/extensions/ms-python.vscode-pylance-2025.4.1/dist/extension.bundle.js:1:148334)
	at async _0x317b05._stopClient (/home/vboxuser/.vscode/extensions/ms-python.vscode-pylance-2025.4.1/dist/extension.bundle.js:1:84052)
	at async _0x317b05._createNewRequest (/home/vboxuser/.vscode/extensions/ms-python.vscode-pylance-2025.4.1/dist/extension.bundle.js:1:83626)
2025-05-01 13:14:29.220 [info] Extension host with pid 10922 exiting with code 0
