2025-04-29 15:53:39.423 [info] Extension host with pid 8699 started
2025-04-29 15:53:52.150 [info] ExtensionService#_doActivateExtension vscode.github-authentication, startup: false, activationEvent: 'onAuthenticationRequest:github'
2025-04-29 15:53:53.839 [info] ExtensionService#_doActivateExtension vscode.git-base, startup: true, activationEvent: '*', root cause: vscode.git
2025-04-29 15:54:13.371 [info] ExtensionService#_doActivateExtension vscode.debug-auto-launch, startup: false, activationEvent: 'onStartupFinished'
2025-04-29 15:54:13.613 [info] ExtensionService#_doActivateExtension vscode.merge-conflict, startup: false, activationEvent: 'onStartupFinished'
2025-04-29 15:54:16.660 [info] ExtensionService#_doActivateExtension vscode.git, startup: true, activationEvent: '*'
2025-04-29 15:54:23.063 [info] ExtensionService#_doActivateExtension vscode.github, startup: true, activationEvent: '*'
2025-04-29 15:54:36.038 [info] Eager extensions activated
2025-04-29 16:03:30.387 [info] ExtensionService#_doActivateExtension vscode.npm, startup: false, activationEvent: 'onTerminalQuickFixRequest:ms-vscode.npm-command'
2025-04-29 16:07:56.373 [info] Extension host terminating: renderer closed the MessagePort
2025-04-29 16:07:56.680 [info] Extension host with pid 8699 exiting with code 0
2025-04-29 16:08:14.785 [info] Extension host with pid 9844 started
2025-04-29 16:08:14.786 [info] Skipping acquiring lock for /home/vboxuser/.config/Code/User/workspaceStorage/b062a2ab96cef7a7aeb54bc1e867c34a.
2025-04-29 16:08:16.225 [info] ExtensionService#_doActivateExtension vscode.github-authentication, startup: false, activationEvent: 'onAuthenticationRequest:github'
2025-04-29 16:08:16.591 [info] ExtensionService#_doActivateExtension vscode.git-base, startup: true, activationEvent: '*'
2025-04-29 16:08:17.066 [info] ExtensionService#_doActivateExtension vscode.github, startup: true, activationEvent: '*'
2025-04-29 16:08:18.071 [info] Eager extensions activated
2025-04-29 16:08:18.151 [info] ExtensionService#_doActivateExtension vscode.debug-auto-launch, startup: false, activationEvent: 'onStartupFinished'
2025-04-29 16:08:18.176 [info] ExtensionService#_doActivateExtension vscode.merge-conflict, startup: false, activationEvent: 'onStartupFinished'
2025-04-29 16:08:30.186 [info] ExtensionService#_doActivateExtension vscode.git, startup: false, activationEvent: 'api', root cause: vscode.github
2025-04-29 16:08:45.206 [info] ExtensionService#_doActivateExtension vscode.npm, startup: false, activationEvent: 'onTerminalQuickFixRequest:ms-vscode.npm-command'
2025-04-29 16:10:50.770 [info] Extension host terminating: renderer closed the MessagePort
2025-04-29 16:10:50.933 [info] Extension host with pid 9844 exiting with code 0
